../Core/Src/main.c:96:5:main	8	static
../Core/Src/main.c:149:6:SystemClock_Config	88	static
../Core/Src/main.c:199:13:MX_I2C1_Init	8	static
../Core/Src/main.c:247:13:MX_I2C2_Init	8	static
../Core/Src/main.c:295:13:MX_SPI1_Init	8	static
../Core/Src/main.c:335:13:MX_SPI4_Init	8	static
../Core/Src/main.c:374:13:MX_UART4_Init	8	static
../Core/Src/main.c:409:13:MX_USART3_UART_Init	8	static
../Core/Src/main.c:444:13:MX_USART6_UART_Init	8	static
../Core/Src/main.c:479:13:MX_USB_OTG_FS_PCD_Init	8	static
../Core/Src/main.c:512:13:MX_DMA_Init	16	static
../Core/Src/main.c:564:13:MX_GPIO_Init	64	static
../Core/Src/main.c:686:6:Error_Handler	4	static,ignoring_inline_asm
